INFO:pyaf.std:START_TRAINING 'Ozone'
     Month  Ozone       Time
0  1955-01    2.7 1955-01-01
1  1955-02    2.0 1955-02-01
2  1955-03    3.6 1955-03-01
3  1955-04    5.0 1955-04-01
4  1955-05    6.5 1955-05-01
(10200,) (10200,) count                   10200
unique                  10200
top       1966-07-30 00:00:00
freq                        1
first     1955-01-01 00:00:00
last      2150-06-20 00:00:00
dtype: object count    10200.000000
mean         3.835784
std          1.491632
min          1.200000
25%          2.600000
50%          3.750000
75%          4.825000
max          8.700000
Name: Ozone, dtype: float64
count    10200.000000
mean         3.835784
std          1.491632
min          1.200000
25%          2.600000
50%          3.750000
75%          4.825000
max          8.700000
Name: Ozone, dtype: float64
INFO:pyaf.std:TREND_TIME_IN_SECONDS RelDiff_Ozone 0.048815011978149414
INFO:pyaf.std:TREND_TIME_IN_SECONDS CumSum_Ozone 0.048781633377075195
INFO:pyaf.std:CYCLE_TRAINING_TIME_IN_SECONDS 'RelDiff_Ozone_ConstantTrend_residue_zeroCycle' 0.01
INFO:pyaf.std:CYCLE_TRAINING_TIME_IN_SECONDS 'CumSum_Ozone_ConstantTrend_residue_zeroCycle' 0.01
INFO:pyaf.std:CYCLE_TRAINING_TIME_IN_SECONDS 'CumSum_Ozone_ConstantTrend_residue_bestCycle_byL2' 0.08
INFO:pyaf.std:CYCLE_TRAINING_TIME_IN_SECONDS 'RelDiff_Ozone_ConstantTrend_residue_bestCycle_byL2' 0.1
INFO:pyaf.std:TREND_TIME_IN_SECONDS Diff_Ozone 0.051840782165527344
INFO:pyaf.std:CYCLE_TRAINING_TIME_IN_SECONDS 'CumSum_Ozone_ConstantTrend_residue_Seasonal_MonthOfYear' 0.1
INFO:pyaf.std:TREND_TIME_IN_SECONDS _Ozone 0.09081029891967773
INFO:pyaf.std:CYCLE_TRAINING_TIME_IN_SECONDS 'Diff_Ozone_ConstantTrend_residue_zeroCycle' 0.01
INFO:pyaf.std:CYCLE_TRAINING_TIME_IN_SECONDS 'RelDiff_Ozone_ConstantTrend_residue_Seasonal_MonthOfYear' 0.1
INFO:pyaf.std:CYCLE_TRAINING_TIME_IN_SECONDS '_Ozone_ConstantTrend_residue_zeroCycle' 0.01
INFO:pyaf.std:CYCLE_TRAINING_TIME_IN_SECONDS 'Diff_Ozone_ConstantTrend_residue_bestCycle_byL2' 0.1
INFO:pyaf.std:CYCLE_TRAINING_TIME_IN_SECONDS '_Ozone_ConstantTrend_residue_bestCycle_byL2' 0.08
INFO:pyaf.std:CYCLE_TRAINING_TIME_IN_SECONDS 'Diff_Ozone_ConstantTrend_residue_Seasonal_MonthOfYear' 0.09
INFO:pyaf.std:CYCLE_TRAINING_TIME_IN_SECONDS '_Ozone_ConstantTrend_residue_Seasonal_MonthOfYear' 0.15
INFO:pyaf.std:CYCLE_TRAINING_TIME_IN_SECONDS 'RelDiff_Ozone_ConstantTrend_residue_Seasonal_WeekOfYear' 0.35
INFO:pyaf.std:CYCLE_TRAINING_TIME_IN_SECONDS 'CumSum_Ozone_ConstantTrend_residue_Seasonal_WeekOfYear' 0.38
INFO:pyaf.std:CYCLE_TRAINING_TIME_IN_SECONDS 'RelDiff_Ozone_ConstantTrend_residue_Seasonal_DayOfMonth' 0.1
INFO:pyaf.std:CYCLE_TRAINING_TIME_IN_SECONDS 'CumSum_Ozone_ConstantTrend_residue_Seasonal_DayOfMonth' 0.09
INFO:pyaf.std:CYCLE_TRAINING_TIME_IN_SECONDS 'Diff_Ozone_ConstantTrend_residue_Seasonal_WeekOfYear' 0.33
INFO:pyaf.std:CYCLE_TRAINING_TIME_IN_SECONDS 'CumSum_Ozone_ConstantTrend_residue_Seasonal_DayOfWeek' 0.1
INFO:pyaf.std:CYCLE_TRAINING_TIME_IN_SECONDS 'RelDiff_Ozone_ConstantTrend_residue_Seasonal_DayOfWeek' 0.11
INFO:pyaf.std:CYCLE_TRAINING_TIME_IN_SECONDS 'CumSum_Ozone_Lag1Trend_residue_zeroCycle' 0.01
INFO:pyaf.std:CYCLE_TRAINING_TIME_IN_SECONDS 'RelDiff_Ozone_Lag1Trend_residue_zeroCycle' 0.01
INFO:pyaf.std:CYCLE_TRAINING_TIME_IN_SECONDS 'RelDiff_Ozone_Lag1Trend_residue_bestCycle_byL2' 0.08
INFO:pyaf.std:CYCLE_TRAINING_TIME_IN_SECONDS '_Ozone_ConstantTrend_residue_Seasonal_WeekOfYear' 0.36
INFO:pyaf.std:CYCLE_TRAINING_TIME_IN_SECONDS 'Diff_Ozone_ConstantTrend_residue_Seasonal_DayOfMonth' 0.19
INFO:pyaf.std:CYCLE_TRAINING_TIME_IN_SECONDS 'CumSum_Ozone_Lag1Trend_residue_bestCycle_byL2' 0.15
INFO:pyaf.std:CYCLE_TRAINING_TIME_IN_SECONDS '_Ozone_ConstantTrend_residue_Seasonal_DayOfMonth' 0.1
INFO:pyaf.std:CYCLE_TRAINING_TIME_IN_SECONDS 'RelDiff_Ozone_Lag1Trend_residue_Seasonal_MonthOfYear' 0.16
INFO:pyaf.std:CYCLE_TRAINING_TIME_IN_SECONDS '_Ozone_ConstantTrend_residue_Seasonal_DayOfWeek' 0.1
INFO:pyaf.std:CYCLE_TRAINING_TIME_IN_SECONDS '_Ozone_Lag1Trend_residue_zeroCycle' 0.01
INFO:pyaf.std:CYCLE_TRAINING_TIME_IN_SECONDS 'Diff_Ozone_ConstantTrend_residue_Seasonal_DayOfWeek' 0.19
INFO:pyaf.std:CYCLE_TRAINING_TIME_IN_SECONDS 'Diff_Ozone_Lag1Trend_residue_zeroCycle' 0.01
INFO:pyaf.std:CYCLE_TRAINING_TIME_IN_SECONDS 'CumSum_Ozone_Lag1Trend_residue_Seasonal_MonthOfYear' 0.22
INFO:pyaf.std:CYCLE_TRAINING_TIME_IN_SECONDS '_Ozone_Lag1Trend_residue_bestCycle_byL2' 0.08
INFO:pyaf.std:CYCLE_TRAINING_TIME_IN_SECONDS 'Diff_Ozone_Lag1Trend_residue_bestCycle_byL2' 0.15
INFO:pyaf.std:CYCLE_TRAINING_TIME_IN_SECONDS '_Ozone_Lag1Trend_residue_Seasonal_MonthOfYear' 0.16
INFO:pyaf.std:CYCLE_TRAINING_TIME_IN_SECONDS 'RelDiff_Ozone_Lag1Trend_residue_Seasonal_WeekOfYear' 0.4
INFO:pyaf.std:CYCLE_TRAINING_TIME_IN_SECONDS 'RelDiff_Ozone_Lag1Trend_residue_Seasonal_DayOfMonth' 0.1
INFO:pyaf.std:CYCLE_TRAINING_TIME_IN_SECONDS 'Diff_Ozone_Lag1Trend_residue_Seasonal_MonthOfYear' 0.26
INFO:pyaf.std:CYCLE_TRAINING_TIME_IN_SECONDS 'RelDiff_Ozone_Lag1Trend_residue_Seasonal_DayOfWeek' 0.1
INFO:pyaf.std:CYCLE_TRAINING_TIME_IN_SECONDS 'RelDiff_Ozone_LinearTrend_residue_zeroCycle' 0.01
INFO:pyaf.std:CYCLE_TRAINING_TIME_IN_SECONDS 'CumSum_Ozone_Lag1Trend_residue_Seasonal_WeekOfYear' 0.52
INFO:pyaf.std:CYCLE_TRAINING_TIME_IN_SECONDS '_Ozone_Lag1Trend_residue_Seasonal_WeekOfYear' 0.34
INFO:pyaf.std:CYCLE_TRAINING_TIME_IN_SECONDS 'RelDiff_Ozone_LinearTrend_residue_bestCycle_byL2' 0.08
INFO:pyaf.std:CYCLE_TRAINING_TIME_IN_SECONDS '_Ozone_Lag1Trend_residue_Seasonal_DayOfMonth' 0.1
INFO:pyaf.std:CYCLE_TRAINING_TIME_IN_SECONDS 'CumSum_Ozone_Lag1Trend_residue_Seasonal_DayOfMonth' 0.11
INFO:pyaf.std:CYCLE_TRAINING_TIME_IN_SECONDS 'RelDiff_Ozone_LinearTrend_residue_Seasonal_MonthOfYear' 0.16
INFO:pyaf.std:CYCLE_TRAINING_TIME_IN_SECONDS '_Ozone_Lag1Trend_residue_Seasonal_DayOfWeek' 0.1
INFO:pyaf.std:CYCLE_TRAINING_TIME_IN_SECONDS 'CumSum_Ozone_Lag1Trend_residue_Seasonal_DayOfWeek' 0.1
INFO:pyaf.std:CYCLE_TRAINING_TIME_IN_SECONDS '_Ozone_LinearTrend_residue_zeroCycle' 0.01
INFO:pyaf.std:CYCLE_TRAINING_TIME_IN_SECONDS 'CumSum_Ozone_LinearTrend_residue_zeroCycle' 0.01
INFO:pyaf.std:CYCLE_TRAINING_TIME_IN_SECONDS 'Diff_Ozone_Lag1Trend_residue_Seasonal_WeekOfYear' 0.4
INFO:pyaf.std:CYCLE_TRAINING_TIME_IN_SECONDS 'CumSum_Ozone_LinearTrend_residue_bestCycle_byL2' 0.08
INFO:pyaf.std:CYCLE_TRAINING_TIME_IN_SECONDS '_Ozone_LinearTrend_residue_bestCycle_byL2' 0.09
INFO:pyaf.std:CYCLE_TRAINING_TIME_IN_SECONDS 'Diff_Ozone_Lag1Trend_residue_Seasonal_DayOfMonth' 0.16
INFO:pyaf.std:CYCLE_TRAINING_TIME_IN_SECONDS 'CumSum_Ozone_LinearTrend_residue_Seasonal_MonthOfYear' 0.17
INFO:pyaf.std:CYCLE_TRAINING_TIME_IN_SECONDS '_Ozone_LinearTrend_residue_Seasonal_MonthOfYear' 0.21
INFO:pyaf.std:CYCLE_TRAINING_TIME_IN_SECONDS 'RelDiff_Ozone_LinearTrend_residue_Seasonal_WeekOfYear' 0.38
INFO:pyaf.std:CYCLE_TRAINING_TIME_IN_SECONDS 'Diff_Ozone_Lag1Trend_residue_Seasonal_DayOfWeek' 0.19
INFO:pyaf.std:CYCLE_TRAINING_TIME_IN_SECONDS 'Diff_Ozone_LinearTrend_residue_zeroCycle' 0.01
INFO:pyaf.std:CYCLE_TRAINING_TIME_IN_SECONDS 'RelDiff_Ozone_LinearTrend_residue_Seasonal_DayOfMonth' 0.1
INFO:pyaf.std:CYCLE_TRAINING_TIME_IN_SECONDS 'Diff_Ozone_LinearTrend_residue_bestCycle_byL2' 0.12
INFO:pyaf.std:CYCLE_TRAINING_TIME_IN_SECONDS 'RelDiff_Ozone_LinearTrend_residue_Seasonal_DayOfWeek' 0.1
INFO:pyaf.std:CYCLE_TRAINING_TIME_IN_SECONDS 'RelDiff_Ozone_PolyTrend_residue_zeroCycle' 0.01
INFO:pyaf.std:CYCLE_TRAINING_TIME_IN_SECONDS 'RelDiff_Ozone_PolyTrend_residue_bestCycle_byL2' 0.09
INFO:pyaf.std:CYCLE_TRAINING_TIME_IN_SECONDS 'CumSum_Ozone_LinearTrend_residue_Seasonal_WeekOfYear' 0.4
INFO:pyaf.std:CYCLE_TRAINING_TIME_IN_SECONDS '_Ozone_LinearTrend_residue_Seasonal_WeekOfYear' 0.39
INFO:pyaf.std:CYCLE_TRAINING_TIME_IN_SECONDS 'RelDiff_Ozone_PolyTrend_residue_Seasonal_MonthOfYear' 0.1
INFO:pyaf.std:CYCLE_TRAINING_TIME_IN_SECONDS 'Diff_Ozone_LinearTrend_residue_Seasonal_MonthOfYear' 0.25
INFO:pyaf.std:CYCLE_TRAINING_TIME_IN_SECONDS 'CumSum_Ozone_LinearTrend_residue_Seasonal_DayOfMonth' 0.19
INFO:pyaf.std:CYCLE_TRAINING_TIME_IN_SECONDS '_Ozone_LinearTrend_residue_Seasonal_DayOfMonth' 0.17
INFO:pyaf.std:CYCLE_TRAINING_TIME_IN_SECONDS '_Ozone_LinearTrend_residue_Seasonal_DayOfWeek' 0.13
INFO:pyaf.std:CYCLE_TRAINING_TIME_IN_SECONDS '_Ozone_PolyTrend_residue_zeroCycle' 0.01
INFO:pyaf.std:CYCLE_TRAINING_TIME_IN_SECONDS 'CumSum_Ozone_LinearTrend_residue_Seasonal_DayOfWeek' 0.19
INFO:pyaf.std:CYCLE_TRAINING_TIME_IN_SECONDS 'CumSum_Ozone_PolyTrend_residue_zeroCycle' 0.01
INFO:pyaf.std:CYCLE_TRAINING_TIME_IN_SECONDS '_Ozone_PolyTrend_residue_bestCycle_byL2' 0.1
INFO:pyaf.std:CYCLE_TRAINING_TIME_IN_SECONDS 'CumSum_Ozone_PolyTrend_residue_bestCycle_byL2' 0.08
INFO:pyaf.std:CYCLE_TRAINING_TIME_IN_SECONDS '_Ozone_PolyTrend_residue_Seasonal_MonthOfYear' 0.12
INFO:pyaf.std:CYCLE_TRAINING_TIME_IN_SECONDS 'CumSum_Ozone_PolyTrend_residue_Seasonal_MonthOfYear' 0.1
INFO:pyaf.std:CYCLE_TRAINING_TIME_IN_SECONDS 'Diff_Ozone_LinearTrend_residue_Seasonal_WeekOfYear' 0.45
INFO:pyaf.std:CYCLE_TRAINING_TIME_IN_SECONDS 'Diff_Ozone_LinearTrend_residue_Seasonal_DayOfMonth' 0.11
INFO:pyaf.std:CYCLE_TRAINING_TIME_IN_SECONDS 'RelDiff_Ozone_PolyTrend_residue_Seasonal_WeekOfYear' 0.7
INFO:pyaf.std:CYCLE_TRAINING_TIME_IN_SECONDS 'Diff_Ozone_LinearTrend_residue_Seasonal_DayOfWeek' 0.11
INFO:pyaf.std:CYCLE_TRAINING_TIME_IN_SECONDS 'Diff_Ozone_PolyTrend_residue_zeroCycle' 0.01
INFO:pyaf.std:CYCLE_TRAINING_TIME_IN_SECONDS 'Diff_Ozone_PolyTrend_residue_bestCycle_byL2' 0.08
INFO:pyaf.std:CYCLE_TRAINING_TIME_IN_SECONDS 'RelDiff_Ozone_PolyTrend_residue_Seasonal_DayOfMonth' 0.1
INFO:pyaf.std:CYCLE_TRAINING_TIME_IN_SECONDS 'CumSum_Ozone_PolyTrend_residue_Seasonal_WeekOfYear' 0.41
INFO:pyaf.std:CYCLE_TRAINING_TIME_IN_SECONDS 'RelDiff_Ozone_PolyTrend_residue_Seasonal_DayOfWeek' 0.1
INFO:pyaf.std:CYCLE_TRAINING_TIME_IN_SECONDS '_Ozone_PolyTrend_residue_Seasonal_WeekOfYear' 0.43
INFO:pyaf.std:CYCLE_TRAINING_TIME_IN_SECONDS 'Diff_Ozone_PolyTrend_residue_Seasonal_MonthOfYear' 0.12
INFO:pyaf.std:CYCLE_TRAINING_TIME_IN_SECONDS 'CumSum_Ozone_PolyTrend_residue_Seasonal_DayOfMonth' 0.1
INFO:pyaf.std:CYCLE_TRAINING_TIME_IN_SECONDS '_Ozone_PolyTrend_residue_Seasonal_DayOfMonth' 0.1
INFO:pyaf.std:CYCLE_TIME_IN_SECONDS RelDiff_Ozone 3.7197606563568115
INFO:pyaf.std:CYCLE_TRAINING_TIME_IN_SECONDS 'CumSum_Ozone_PolyTrend_residue_Seasonal_DayOfWeek' 0.1
INFO:pyaf.std:CYCLE_TRAINING_TIME_IN_SECONDS '_Ozone_PolyTrend_residue_Seasonal_DayOfWeek' 0.1
INFO:pyaf.std:AR_MODEL_ADD_LAGS_START 'RelDiff_Ozone_ConstantTrend_residue_zeroCycle_residue' 10200 6
INFO:pyaf.std:CYCLE_TIME_IN_SECONDS CumSum_Ozone 3.91151762008667
INFO:pyaf.std:CYCLE_TIME_IN_SECONDS _Ozone 3.7400925159454346
INFO:pyaf.std:AR_MODEL_ADD_LAGS_START 'CumSum_Ozone_ConstantTrend_residue_zeroCycle_residue' 10200 6
INFO:pyaf.std:CYCLE_TRAINING_TIME_IN_SECONDS 'Diff_Ozone_PolyTrend_residue_Seasonal_WeekOfYear' 0.59
INFO:pyaf.std:AR_MODEL_ADD_LAGS_START '_Ozone_ConstantTrend_residue_zeroCycle_residue' 10200 6
INFO:pyaf.std:CYCLE_TRAINING_TIME_IN_SECONDS 'Diff_Ozone_PolyTrend_residue_Seasonal_DayOfMonth' 0.21
INFO:pyaf.std:CYCLE_TRAINING_TIME_IN_SECONDS 'Diff_Ozone_PolyTrend_residue_Seasonal_DayOfWeek' 0.16
INFO:pyaf.std:CYCLE_TIME_IN_SECONDS Diff_Ozone 4.613904237747192
INFO:pyaf.std:AR_MODEL_ADD_LAGS_START 'Diff_Ozone_ConstantTrend_residue_zeroCycle_residue' 10200 6
INFO:pyaf.std:LAG_TIME_IN_SECONDS RelDiff_Ozone 1006 1.4190928936004639
INFO:pyaf.std:AR_MODEL_ADD_LAGS_END 'RelDiff_Ozone_ConstantTrend_residue_zeroCycle_residue' 10200 1006
INFO:pyaf.std:AR_MODEL_START_TRAINING_TIME 'RelDiff_Ozone_ConstantTrend_residue_zeroCycle_residue' 10200 0 1515887032.9966755
INFO:pyaf.std:AR_MODEL_TRAINING_TIME_IN_SECONDS 'RelDiff_Ozone_ConstantTrend_residue_zeroCycle_residue_NoAR' 10200 0 0.0
INFO:pyaf.std:AR_MODEL_START_TRAINING_TIME 'RelDiff_Ozone_ConstantTrend_residue_zeroCycle_residue' 10200 1000 1515887032.9990675
INFO:pyaf.std:LAG_TIME_IN_SECONDS CumSum_Ozone 1006 1.464139461517334
INFO:pyaf.std:AR_MODEL_ADD_LAGS_END 'CumSum_Ozone_ConstantTrend_residue_zeroCycle_residue' 10200 1006
INFO:pyaf.std:AR_MODEL_START_TRAINING_TIME 'CumSum_Ozone_ConstantTrend_residue_zeroCycle_residue' 10200 0 1515887033.3068426
INFO:pyaf.std:AR_MODEL_TRAINING_TIME_IN_SECONDS 'CumSum_Ozone_ConstantTrend_residue_zeroCycle_residue_NoAR' 10200 0 0.0
INFO:pyaf.std:AR_MODEL_START_TRAINING_TIME 'CumSum_Ozone_ConstantTrend_residue_zeroCycle_residue' 10200 1000 1515887033.3088179
INFO:pyaf.std:LAG_TIME_IN_SECONDS _Ozone 1006 1.4210560321807861
INFO:pyaf.std:AR_MODEL_ADD_LAGS_END '_Ozone_ConstantTrend_residue_zeroCycle_residue' 10200 1006
INFO:pyaf.std:AR_MODEL_START_TRAINING_TIME '_Ozone_ConstantTrend_residue_zeroCycle_residue' 10200 0 1515887033.360014
INFO:pyaf.std:AR_MODEL_TRAINING_TIME_IN_SECONDS '_Ozone_ConstantTrend_residue_zeroCycle_residue_NoAR' 10200 0 0.0
INFO:pyaf.std:AR_MODEL_START_TRAINING_TIME '_Ozone_ConstantTrend_residue_zeroCycle_residue' 10200 1000 1515887033.3627076
INFO:pyaf.std:LAG_TIME_IN_SECONDS Diff_Ozone 1006 1.3339645862579346
INFO:pyaf.std:AR_MODEL_ADD_LAGS_END 'Diff_Ozone_ConstantTrend_residue_zeroCycle_residue' 10200 1006
INFO:pyaf.std:AR_MODEL_START_TRAINING_TIME 'Diff_Ozone_ConstantTrend_residue_zeroCycle_residue' 10200 0 1515887034.0380435
INFO:pyaf.std:AR_MODEL_TRAINING_TIME_IN_SECONDS 'Diff_Ozone_ConstantTrend_residue_zeroCycle_residue_NoAR' 10200 0 0.0
INFO:pyaf.std:AR_MODEL_START_TRAINING_TIME 'Diff_Ozone_ConstantTrend_residue_zeroCycle_residue' 10200 1000 1515887034.0401254
INFO:pyaf.std:AR_MODEL_TRAINING_TIME_IN_SECONDS '_Ozone_ConstantTrend_residue_zeroCycle_residue_AR(1000)' 10200 1000 14.77
INFO:pyaf.std:AR_MODEL_ADD_LAGS_START '_Ozone_ConstantTrend_residue_bestCycle_byL2_residue' 10200 6
INFO:pyaf.std:AR_MODEL_TRAINING_TIME_IN_SECONDS 'CumSum_Ozone_ConstantTrend_residue_zeroCycle_residue_AR(1000)' 10200 1000 14.9
INFO:pyaf.std:AR_MODEL_ADD_LAGS_START 'CumSum_Ozone_ConstantTrend_residue_bestCycle_byL2_residue' 10200 6
INFO:pyaf.std:AR_MODEL_TRAINING_TIME_IN_SECONDS 'RelDiff_Ozone_ConstantTrend_residue_zeroCycle_residue_AR(1000)' 10200 1000 15.85
INFO:pyaf.std:AR_MODEL_ADD_LAGS_START 'RelDiff_Ozone_ConstantTrend_residue_bestCycle_byL2_residue' 10200 6
INFO:pyaf.std:AR_MODEL_TRAINING_TIME_IN_SECONDS 'Diff_Ozone_ConstantTrend_residue_zeroCycle_residue_AR(1000)' 10200 1000 15.04
INFO:pyaf.std:AR_MODEL_ADD_LAGS_START 'Diff_Ozone_ConstantTrend_residue_bestCycle_byL2_residue' 10200 6
INFO:pyaf.std:LAG_TIME_IN_SECONDS _Ozone 1006 1.5607645511627197
INFO:pyaf.std:AR_MODEL_ADD_LAGS_END '_Ozone_ConstantTrend_residue_bestCycle_byL2_residue' 10200 1006
INFO:pyaf.std:AR_MODEL_START_TRAINING_TIME '_Ozone_ConstantTrend_residue_bestCycle_byL2_residue' 10200 0 1515887049.6997979
INFO:pyaf.std:AR_MODEL_TRAINING_TIME_IN_SECONDS '_Ozone_ConstantTrend_residue_bestCycle_byL2_residue_NoAR' 10200 0 0.0
INFO:pyaf.std:AR_MODEL_START_TRAINING_TIME '_Ozone_ConstantTrend_residue_bestCycle_byL2_residue' 10200 1000 1515887049.7025003
INFO:pyaf.std:LAG_TIME_IN_SECONDS CumSum_Ozone 1006 1.6832573413848877
INFO:pyaf.std:AR_MODEL_ADD_LAGS_END 'CumSum_Ozone_ConstantTrend_residue_bestCycle_byL2_residue' 10200 1006
INFO:pyaf.std:AR_MODEL_START_TRAINING_TIME 'CumSum_Ozone_ConstantTrend_residue_bestCycle_byL2_residue' 10200 0 1515887049.9026055
INFO:pyaf.std:AR_MODEL_TRAINING_TIME_IN_SECONDS 'CumSum_Ozone_ConstantTrend_residue_bestCycle_byL2_residue_NoAR' 10200 0 0.0
INFO:pyaf.std:AR_MODEL_START_TRAINING_TIME 'CumSum_Ozone_ConstantTrend_residue_bestCycle_byL2_residue' 10200 1000 1515887049.9060435
INFO:pyaf.std:LAG_TIME_IN_SECONDS RelDiff_Ozone 1006 1.7913384437561035
INFO:pyaf.std:AR_MODEL_ADD_LAGS_END 'RelDiff_Ozone_ConstantTrend_residue_bestCycle_byL2_residue' 10200 1006
INFO:pyaf.std:AR_MODEL_START_TRAINING_TIME 'RelDiff_Ozone_ConstantTrend_residue_bestCycle_byL2_residue' 10200 0 1515887050.6491427
INFO:pyaf.std:AR_MODEL_TRAINING_TIME_IN_SECONDS 'RelDiff_Ozone_ConstantTrend_residue_bestCycle_byL2_residue_NoAR' 10200 0 0.0
INFO:pyaf.std:AR_MODEL_START_TRAINING_TIME 'RelDiff_Ozone_ConstantTrend_residue_bestCycle_byL2_residue' 10200 1000 1515887050.6516888
INFO:pyaf.std:LAG_TIME_IN_SECONDS Diff_Ozone 1006 1.5610697269439697
INFO:pyaf.std:AR_MODEL_ADD_LAGS_END 'Diff_Ozone_ConstantTrend_residue_bestCycle_byL2_residue' 10200 1006
INFO:pyaf.std:AR_MODEL_START_TRAINING_TIME 'Diff_Ozone_ConstantTrend_residue_bestCycle_byL2_residue' 10200 0 1515887050.6523845
INFO:pyaf.std:AR_MODEL_TRAINING_TIME_IN_SECONDS 'Diff_Ozone_ConstantTrend_residue_bestCycle_byL2_residue_NoAR' 10200 0 0.0
INFO:pyaf.std:AR_MODEL_START_TRAINING_TIME 'Diff_Ozone_ConstantTrend_residue_bestCycle_byL2_residue' 10200 1000 1515887050.654776
INFO:pyaf.std:AR_MODEL_TRAINING_TIME_IN_SECONDS 'Diff_Ozone_ConstantTrend_residue_bestCycle_byL2_residue_AR(1000)' 10200 1000 15.49
INFO:pyaf.std:AR_MODEL_ADD_LAGS_START 'Diff_Ozone_ConstantTrend_residue_Seasonal_DayOfWeek_residue' 10200 6
INFO:pyaf.std:AR_MODEL_TRAINING_TIME_IN_SECONDS 'CumSum_Ozone_ConstantTrend_residue_bestCycle_byL2_residue_AR(1000)' 10200 1000 17.21
INFO:pyaf.std:AR_MODEL_ADD_LAGS_START 'CumSum_Ozone_ConstantTrend_residue_Seasonal_DayOfWeek_residue' 10200 6
INFO:pyaf.std:LAG_TIME_IN_SECONDS Diff_Ozone 1006 2.0545287132263184
INFO:pyaf.std:AR_MODEL_ADD_LAGS_END 'Diff_Ozone_ConstantTrend_residue_Seasonal_DayOfWeek_residue' 10200 1006
INFO:pyaf.std:AR_MODEL_START_TRAINING_TIME 'Diff_Ozone_ConstantTrend_residue_Seasonal_DayOfWeek_residue' 10200 0 1515887068.2110715
INFO:pyaf.std:AR_MODEL_TRAINING_TIME_IN_SECONDS 'Diff_Ozone_ConstantTrend_residue_Seasonal_DayOfWeek_residue_NoAR' 10200 0 0.0
INFO:pyaf.std:AR_MODEL_START_TRAINING_TIME 'Diff_Ozone_ConstantTrend_residue_Seasonal_DayOfWeek_residue' 10200 1000 1515887068.213593
INFO:pyaf.std:AR_MODEL_TRAINING_TIME_IN_SECONDS 'RelDiff_Ozone_ConstantTrend_residue_bestCycle_byL2_residue_AR(1000)' 10200 1000 17.95
INFO:pyaf.std:AR_MODEL_ADD_LAGS_START 'RelDiff_Ozone_ConstantTrend_residue_Seasonal_DayOfWeek_residue' 10200 6
INFO:pyaf.std:LAG_TIME_IN_SECONDS CumSum_Ozone 1006 2.1210319995880127
INFO:pyaf.std:AR_MODEL_ADD_LAGS_END 'CumSum_Ozone_ConstantTrend_residue_Seasonal_DayOfWeek_residue' 10200 1006
INFO:pyaf.std:AR_MODEL_START_TRAINING_TIME 'CumSum_Ozone_ConstantTrend_residue_Seasonal_DayOfWeek_residue' 10200 0 1515887069.245661
INFO:pyaf.std:AR_MODEL_TRAINING_TIME_IN_SECONDS 'CumSum_Ozone_ConstantTrend_residue_Seasonal_DayOfWeek_residue_NoAR' 10200 0 0.0
INFO:pyaf.std:AR_MODEL_START_TRAINING_TIME 'CumSum_Ozone_ConstantTrend_residue_Seasonal_DayOfWeek_residue' 10200 1000 1515887069.2491171
INFO:pyaf.std:AR_MODEL_TRAINING_TIME_IN_SECONDS '_Ozone_ConstantTrend_residue_bestCycle_byL2_residue_AR(1000)' 10200 1000 20.04
INFO:pyaf.std:AR_MODEL_ADD_LAGS_START '_Ozone_ConstantTrend_residue_Seasonal_DayOfWeek_residue' 10200 6
INFO:pyaf.std:LAG_TIME_IN_SECONDS RelDiff_Ozone 1006 1.7791781425476074
INFO:pyaf.std:AR_MODEL_ADD_LAGS_END 'RelDiff_Ozone_ConstantTrend_residue_Seasonal_DayOfWeek_residue' 10200 1006
INFO:pyaf.std:AR_MODEL_START_TRAINING_TIME 'RelDiff_Ozone_ConstantTrend_residue_Seasonal_DayOfWeek_residue' 10200 0 1515887070.3902116
INFO:pyaf.std:AR_MODEL_TRAINING_TIME_IN_SECONDS 'RelDiff_Ozone_ConstantTrend_residue_Seasonal_DayOfWeek_residue_NoAR' 10200 0 0.0
INFO:pyaf.std:AR_MODEL_START_TRAINING_TIME 'RelDiff_Ozone_ConstantTrend_residue_Seasonal_DayOfWeek_residue' 10200 1000 1515887070.393204
INFO:pyaf.std:LAG_TIME_IN_SECONDS _Ozone 1006 2.234679937362671
INFO:pyaf.std:AR_MODEL_ADD_LAGS_END '_Ozone_ConstantTrend_residue_Seasonal_DayOfWeek_residue' 10200 1006
INFO:pyaf.std:AR_MODEL_START_TRAINING_TIME '_Ozone_ConstantTrend_residue_Seasonal_DayOfWeek_residue' 10200 0 1515887071.9932685
INFO:pyaf.std:AR_MODEL_TRAINING_TIME_IN_SECONDS '_Ozone_ConstantTrend_residue_Seasonal_DayOfWeek_residue_NoAR' 10200 0 0.0
INFO:pyaf.std:AR_MODEL_START_TRAINING_TIME '_Ozone_ConstantTrend_residue_Seasonal_DayOfWeek_residue' 10200 1000 1515887071.9976046
INFO:pyaf.std:AR_MODEL_TRAINING_TIME_IN_SECONDS 'Diff_Ozone_ConstantTrend_residue_Seasonal_DayOfWeek_residue_AR(1000)' 10200 1000 17.1
INFO:pyaf.std:AR_MODEL_ADD_LAGS_START 'Diff_Ozone_Lag1Trend_residue_zeroCycle_residue' 10200 6
INFO:pyaf.std:AR_MODEL_TRAINING_TIME_IN_SECONDS 'CumSum_Ozone_ConstantTrend_residue_Seasonal_DayOfWeek_residue_AR(1000)' 10200 1000 17.23
INFO:pyaf.std:AR_MODEL_ADD_LAGS_START 'CumSum_Ozone_Lag1Trend_residue_zeroCycle_residue' 10200 6
INFO:pyaf.std:LAG_TIME_IN_SECONDS Diff_Ozone 1006 1.5363669395446777
INFO:pyaf.std:AR_MODEL_ADD_LAGS_END 'Diff_Ozone_Lag1Trend_residue_zeroCycle_residue' 10200 1006
INFO:pyaf.std:AR_MODEL_START_TRAINING_TIME 'Diff_Ozone_Lag1Trend_residue_zeroCycle_residue' 10200 0 1515887086.8597596
INFO:pyaf.std:AR_MODEL_TRAINING_TIME_IN_SECONDS 'Diff_Ozone_Lag1Trend_residue_zeroCycle_residue_NoAR' 10200 0 0.0
INFO:pyaf.std:AR_MODEL_START_TRAINING_TIME 'Diff_Ozone_Lag1Trend_residue_zeroCycle_residue' 10200 1000 1515887086.862198
INFO:pyaf.std:LAG_TIME_IN_SECONDS CumSum_Ozone 1006 1.7966759204864502
INFO:pyaf.std:AR_MODEL_ADD_LAGS_END 'CumSum_Ozone_Lag1Trend_residue_zeroCycle_residue' 10200 1006
INFO:pyaf.std:AR_MODEL_START_TRAINING_TIME 'CumSum_Ozone_Lag1Trend_residue_zeroCycle_residue' 10200 0 1515887088.2858534
INFO:pyaf.std:AR_MODEL_TRAINING_TIME_IN_SECONDS 'CumSum_Ozone_Lag1Trend_residue_zeroCycle_residue_NoAR' 10200 0 0.0
INFO:pyaf.std:AR_MODEL_START_TRAINING_TIME 'CumSum_Ozone_Lag1Trend_residue_zeroCycle_residue' 10200 1000 1515887088.2887058
INFO:pyaf.std:AR_MODEL_TRAINING_TIME_IN_SECONDS 'RelDiff_Ozone_ConstantTrend_residue_Seasonal_DayOfWeek_residue_AR(1000)' 10200 1000 18.52
INFO:pyaf.std:AR_MODEL_ADD_LAGS_START 'RelDiff_Ozone_Lag1Trend_residue_zeroCycle_residue' 10200 6
INFO:pyaf.std:AR_MODEL_TRAINING_TIME_IN_SECONDS '_Ozone_ConstantTrend_residue_Seasonal_DayOfWeek_residue_AR(1000)' 10200 1000 17.92
INFO:pyaf.std:AR_MODEL_ADD_LAGS_START '_Ozone_Lag1Trend_residue_zeroCycle_residue' 10200 6
INFO:pyaf.std:LAG_TIME_IN_SECONDS RelDiff_Ozone 1006 1.7151553630828857
INFO:pyaf.std:AR_MODEL_ADD_LAGS_END 'RelDiff_Ozone_Lag1Trend_residue_zeroCycle_residue' 10200 1006
INFO:pyaf.std:AR_MODEL_START_TRAINING_TIME 'RelDiff_Ozone_Lag1Trend_residue_zeroCycle_residue' 10200 0 1515887090.6422796
INFO:pyaf.std:AR_MODEL_TRAINING_TIME_IN_SECONDS 'RelDiff_Ozone_Lag1Trend_residue_zeroCycle_residue_NoAR' 10200 0 0.0
INFO:pyaf.std:AR_MODEL_START_TRAINING_TIME 'RelDiff_Ozone_Lag1Trend_residue_zeroCycle_residue' 10200 1000 1515887090.6450353
INFO:pyaf.std:LAG_TIME_IN_SECONDS _Ozone 1006 1.9261107444763184
INFO:pyaf.std:AR_MODEL_ADD_LAGS_END '_Ozone_Lag1Trend_residue_zeroCycle_residue' 10200 1006
INFO:pyaf.std:AR_MODEL_START_TRAINING_TIME '_Ozone_Lag1Trend_residue_zeroCycle_residue' 10200 0 1515887091.856913
INFO:pyaf.std:AR_MODEL_TRAINING_TIME_IN_SECONDS '_Ozone_Lag1Trend_residue_zeroCycle_residue_NoAR' 10200 0 0.01
INFO:pyaf.std:AR_MODEL_START_TRAINING_TIME '_Ozone_Lag1Trend_residue_zeroCycle_residue' 10200 1000 1515887091.868395
INFO:pyaf.std:AR_MODEL_TRAINING_TIME_IN_SECONDS 'Diff_Ozone_Lag1Trend_residue_zeroCycle_residue_AR(1000)' 10200 1000 18.74
INFO:pyaf.std:AR_MODEL_ADD_LAGS_START 'Diff_Ozone_Lag1Trend_residue_bestCycle_byL2_residue' 10200 6
INFO:pyaf.std:AR_MODEL_TRAINING_TIME_IN_SECONDS 'RelDiff_Ozone_Lag1Trend_residue_zeroCycle_residue_AR(1000)' 10200 1000 16.58
INFO:pyaf.std:AR_MODEL_ADD_LAGS_START 'RelDiff_Ozone_Lag1Trend_residue_bestCycle_byL2_residue' 10200 6
INFO:pyaf.std:LAG_TIME_IN_SECONDS Diff_Ozone 1006 2.3149492740631104
INFO:pyaf.std:AR_MODEL_ADD_LAGS_END 'Diff_Ozone_Lag1Trend_residue_bestCycle_byL2_residue' 10200 1006
INFO:pyaf.std:AR_MODEL_START_TRAINING_TIME 'Diff_Ozone_Lag1Trend_residue_bestCycle_byL2_residue' 10200 0 1515887107.9289196
INFO:pyaf.std:AR_MODEL_TRAINING_TIME_IN_SECONDS 'Diff_Ozone_Lag1Trend_residue_bestCycle_byL2_residue_NoAR' 10200 0 0.0
INFO:pyaf.std:AR_MODEL_START_TRAINING_TIME 'Diff_Ozone_Lag1Trend_residue_bestCycle_byL2_residue' 10200 1000 1515887107.9335349
INFO:pyaf.std:AR_MODEL_TRAINING_TIME_IN_SECONDS '_Ozone_Lag1Trend_residue_zeroCycle_residue_AR(1000)' 10200 1000 17.14
INFO:pyaf.std:AR_MODEL_ADD_LAGS_START '_Ozone_Lag1Trend_residue_bestCycle_byL2_residue' 10200 6
INFO:pyaf.std:AR_MODEL_TRAINING_TIME_IN_SECONDS 'CumSum_Ozone_Lag1Trend_residue_zeroCycle_residue_AR(1000)' 10200 1000 21.12
INFO:pyaf.std:AR_MODEL_ADD_LAGS_START 'CumSum_Ozone_Lag1Trend_residue_bestCycle_byL2_residue' 10200 6
INFO:pyaf.std:LAG_TIME_IN_SECONDS RelDiff_Ozone 1006 2.7573883533477783
INFO:pyaf.std:AR_MODEL_ADD_LAGS_END 'RelDiff_Ozone_Lag1Trend_residue_bestCycle_byL2_residue' 10200 1006
INFO:pyaf.std:AR_MODEL_START_TRAINING_TIME 'RelDiff_Ozone_Lag1Trend_residue_bestCycle_byL2_residue' 10200 0 1515887109.9966805
INFO:pyaf.std:AR_MODEL_TRAINING_TIME_IN_SECONDS 'RelDiff_Ozone_Lag1Trend_residue_bestCycle_byL2_residue_NoAR' 10200 0 0.0
INFO:pyaf.std:AR_MODEL_START_TRAINING_TIME 'RelDiff_Ozone_Lag1Trend_residue_bestCycle_byL2_residue' 10200 1000 1515887110.001126
INFO:pyaf.std:LAG_TIME_IN_SECONDS _Ozone 1006 1.6194543838500977
INFO:pyaf.std:AR_MODEL_ADD_LAGS_END '_Ozone_Lag1Trend_residue_bestCycle_byL2_residue' 10200 1006
INFO:pyaf.std:AR_MODEL_START_TRAINING_TIME '_Ozone_Lag1Trend_residue_bestCycle_byL2_residue' 10200 0 1515887110.6397445
INFO:pyaf.std:AR_MODEL_TRAINING_TIME_IN_SECONDS '_Ozone_Lag1Trend_residue_bestCycle_byL2_residue_NoAR' 10200 0 0.0
INFO:pyaf.std:AR_MODEL_START_TRAINING_TIME '_Ozone_Lag1Trend_residue_bestCycle_byL2_residue' 10200 1000 1515887110.6421473
INFO:pyaf.std:LAG_TIME_IN_SECONDS CumSum_Ozone 1006 3.346205472946167
INFO:pyaf.std:AR_MODEL_ADD_LAGS_END 'CumSum_Ozone_Lag1Trend_residue_bestCycle_byL2_residue' 10200 1006
INFO:pyaf.std:AR_MODEL_START_TRAINING_TIME 'CumSum_Ozone_Lag1Trend_residue_bestCycle_byL2_residue' 10200 0 1515887112.770601
INFO:pyaf.std:AR_MODEL_TRAINING_TIME_IN_SECONDS 'CumSum_Ozone_Lag1Trend_residue_bestCycle_byL2_residue_NoAR' 10200 0 0.01
INFO:pyaf.std:AR_MODEL_START_TRAINING_TIME 'CumSum_Ozone_Lag1Trend_residue_bestCycle_byL2_residue' 10200 1000 1515887112.7763321
INFO:pyaf.std:AR_MODEL_TRAINING_TIME_IN_SECONDS '_Ozone_Lag1Trend_residue_bestCycle_byL2_residue_AR(1000)' 10200 1000 14.16
INFO:pyaf.std:AR_MODEL_ADD_LAGS_START '_Ozone_Lag1Trend_residue_Seasonal_DayOfWeek_residue' 10200 6
INFO:pyaf.std:AR_MODEL_TRAINING_TIME_IN_SECONDS 'Diff_Ozone_Lag1Trend_residue_bestCycle_byL2_residue_AR(1000)' 10200 1000 17.24
INFO:pyaf.std:AR_MODEL_ADD_LAGS_START 'Diff_Ozone_Lag1Trend_residue_Seasonal_DayOfWeek_residue' 10200 6
INFO:pyaf.std:AR_MODEL_TRAINING_TIME_IN_SECONDS 'RelDiff_Ozone_Lag1Trend_residue_bestCycle_byL2_residue_AR(1000)' 10200 1000 15.68
INFO:pyaf.std:AR_MODEL_ADD_LAGS_START 'RelDiff_Ozone_Lag1Trend_residue_Seasonal_DayOfWeek_residue' 10200 6
INFO:pyaf.std:LAG_TIME_IN_SECONDS _Ozone 1006 1.6359539031982422
INFO:pyaf.std:AR_MODEL_ADD_LAGS_END '_Ozone_Lag1Trend_residue_Seasonal_DayOfWeek_residue' 10200 1006
INFO:pyaf.std:AR_MODEL_START_TRAINING_TIME '_Ozone_Lag1Trend_residue_Seasonal_DayOfWeek_residue' 10200 0 1515887126.4484153
INFO:pyaf.std:AR_MODEL_TRAINING_TIME_IN_SECONDS '_Ozone_Lag1Trend_residue_Seasonal_DayOfWeek_residue_NoAR' 10200 0 0.0
INFO:pyaf.std:AR_MODEL_START_TRAINING_TIME '_Ozone_Lag1Trend_residue_Seasonal_DayOfWeek_residue' 10200 1000 1515887126.4510436
INFO:pyaf.std:LAG_TIME_IN_SECONDS Diff_Ozone 1006 1.720287799835205
INFO:pyaf.std:AR_MODEL_ADD_LAGS_END 'Diff_Ozone_Lag1Trend_residue_Seasonal_DayOfWeek_residue' 10200 1006
INFO:pyaf.std:AR_MODEL_START_TRAINING_TIME 'Diff_Ozone_Lag1Trend_residue_Seasonal_DayOfWeek_residue' 10200 0 1515887126.905144
INFO:pyaf.std:AR_MODEL_TRAINING_TIME_IN_SECONDS 'Diff_Ozone_Lag1Trend_residue_Seasonal_DayOfWeek_residue_NoAR' 10200 0 0.0
INFO:pyaf.std:AR_MODEL_START_TRAINING_TIME 'Diff_Ozone_Lag1Trend_residue_Seasonal_DayOfWeek_residue' 10200 1000 1515887126.908075
INFO:pyaf.std:AR_MODEL_TRAINING_TIME_IN_SECONDS 'CumSum_Ozone_Lag1Trend_residue_bestCycle_byL2_residue_AR(1000)' 10200 1000 14.57
INFO:pyaf.std:AR_MODEL_ADD_LAGS_START 'CumSum_Ozone_Lag1Trend_residue_Seasonal_DayOfWeek_residue' 10200 6
INFO:pyaf.std:LAG_TIME_IN_SECONDS RelDiff_Ozone 1006 1.7940142154693604
INFO:pyaf.std:AR_MODEL_ADD_LAGS_END 'RelDiff_Ozone_Lag1Trend_residue_Seasonal_DayOfWeek_residue' 10200 1006
INFO:pyaf.std:AR_MODEL_START_TRAINING_TIME 'RelDiff_Ozone_Lag1Trend_residue_Seasonal_DayOfWeek_residue' 10200 0 1515887127.4852495
INFO:pyaf.std:AR_MODEL_TRAINING_TIME_IN_SECONDS 'RelDiff_Ozone_Lag1Trend_residue_Seasonal_DayOfWeek_residue_NoAR' 10200 0 0.0
INFO:pyaf.std:AR_MODEL_START_TRAINING_TIME 'RelDiff_Ozone_Lag1Trend_residue_Seasonal_DayOfWeek_residue' 10200 1000 1515887127.4881022
INFO:pyaf.std:LAG_TIME_IN_SECONDS CumSum_Ozone 1006 1.672006368637085
INFO:pyaf.std:AR_MODEL_ADD_LAGS_END 'CumSum_Ozone_Lag1Trend_residue_Seasonal_DayOfWeek_residue' 10200 1006
INFO:pyaf.std:AR_MODEL_START_TRAINING_TIME 'CumSum_Ozone_Lag1Trend_residue_Seasonal_DayOfWeek_residue' 10200 0 1515887129.0217113
INFO:pyaf.std:AR_MODEL_TRAINING_TIME_IN_SECONDS 'CumSum_Ozone_Lag1Trend_residue_Seasonal_DayOfWeek_residue_NoAR' 10200 0 0.0
INFO:pyaf.std:AR_MODEL_START_TRAINING_TIME 'CumSum_Ozone_Lag1Trend_residue_Seasonal_DayOfWeek_residue' 10200 1000 1515887129.0246134
INFO:pyaf.std:AR_MODEL_TRAINING_TIME_IN_SECONDS '_Ozone_Lag1Trend_residue_Seasonal_DayOfWeek_residue_AR(1000)' 10200 1000 15.76
INFO:pyaf.std:AR_MODEL_ADD_LAGS_START '_Ozone_LinearTrend_residue_zeroCycle_residue' 10200 6
INFO:pyaf.std:LAG_TIME_IN_SECONDS _Ozone 1006 2.148165702819824
INFO:pyaf.std:AR_MODEL_ADD_LAGS_END '_Ozone_LinearTrend_residue_zeroCycle_residue' 10200 1006
INFO:pyaf.std:AR_MODEL_START_TRAINING_TIME '_Ozone_LinearTrend_residue_zeroCycle_residue' 10200 0 1515887144.366224
INFO:pyaf.std:AR_MODEL_TRAINING_TIME_IN_SECONDS '_Ozone_LinearTrend_residue_zeroCycle_residue_NoAR' 10200 0 0.0
INFO:pyaf.std:AR_MODEL_START_TRAINING_TIME '_Ozone_LinearTrend_residue_zeroCycle_residue' 10200 1000 1515887144.369567
INFO:pyaf.std:AR_MODEL_TRAINING_TIME_IN_SECONDS 'Diff_Ozone_Lag1Trend_residue_Seasonal_DayOfWeek_residue_AR(1000)' 10200 1000 18.03
INFO:pyaf.std:AR_MODEL_ADD_LAGS_START 'Diff_Ozone_LinearTrend_residue_zeroCycle_residue' 10200 6
INFO:pyaf.std:AR_MODEL_TRAINING_TIME_IN_SECONDS 'CumSum_Ozone_Lag1Trend_residue_Seasonal_DayOfWeek_residue_AR(1000)' 10200 1000 16.86
INFO:pyaf.std:AR_MODEL_TRAINING_TIME_IN_SECONDS 'RelDiff_Ozone_Lag1Trend_residue_Seasonal_DayOfWeek_residue_AR(1000)' 10200 1000 18.4
INFO:pyaf.std:AR_MODEL_ADD_LAGS_START 'CumSum_Ozone_LinearTrend_residue_zeroCycle_residue' 10200 6
INFO:pyaf.std:AR_MODEL_ADD_LAGS_START 'RelDiff_Ozone_LinearTrend_residue_zeroCycle_residue' 10200 6
INFO:pyaf.std:LAG_TIME_IN_SECONDS Diff_Ozone 1006 2.380124807357788
INFO:pyaf.std:AR_MODEL_ADD_LAGS_END 'Diff_Ozone_LinearTrend_residue_zeroCycle_residue' 10200 1006
INFO:pyaf.std:AR_MODEL_START_TRAINING_TIME 'Diff_Ozone_LinearTrend_residue_zeroCycle_residue' 10200 0 1515887147.3336189
INFO:pyaf.std:AR_MODEL_TRAINING_TIME_IN_SECONDS 'Diff_Ozone_LinearTrend_residue_zeroCycle_residue_NoAR' 10200 0 0.0
INFO:pyaf.std:AR_MODEL_START_TRAINING_TIME 'Diff_Ozone_LinearTrend_residue_zeroCycle_residue' 10200 1000 1515887147.3370745
INFO:pyaf.std:LAG_TIME_IN_SECONDS CumSum_Ozone 1006 1.768019676208496
INFO:pyaf.std:AR_MODEL_ADD_LAGS_END 'CumSum_Ozone_LinearTrend_residue_zeroCycle_residue' 10200 1006
INFO:pyaf.std:AR_MODEL_START_TRAINING_TIME 'CumSum_Ozone_LinearTrend_residue_zeroCycle_residue' 10200 0 1515887147.6657045
INFO:pyaf.std:AR_MODEL_TRAINING_TIME_IN_SECONDS 'CumSum_Ozone_LinearTrend_residue_zeroCycle_residue_NoAR' 10200 0 0.0
INFO:pyaf.std:AR_MODEL_START_TRAINING_TIME 'CumSum_Ozone_LinearTrend_residue_zeroCycle_residue' 10200 1000 1515887147.6687517
INFO:pyaf.std:LAG_TIME_IN_SECONDS RelDiff_Ozone 1006 1.9081296920776367
INFO:pyaf.std:AR_MODEL_ADD_LAGS_END 'RelDiff_Ozone_LinearTrend_residue_zeroCycle_residue' 10200 1006
INFO:pyaf.std:AR_MODEL_START_TRAINING_TIME 'RelDiff_Ozone_LinearTrend_residue_zeroCycle_residue' 10200 0 1515887147.8123782
INFO:pyaf.std:AR_MODEL_TRAINING_TIME_IN_SECONDS 'RelDiff_Ozone_LinearTrend_residue_zeroCycle_residue_NoAR' 10200 0 0.0
INFO:pyaf.std:AR_MODEL_START_TRAINING_TIME 'RelDiff_Ozone_LinearTrend_residue_zeroCycle_residue' 10200 1000 1515887147.8169072
INFO:pyaf.std:AR_MODEL_TRAINING_TIME_IN_SECONDS '_Ozone_LinearTrend_residue_zeroCycle_residue_AR(1000)' 10200 1000 18.16
INFO:pyaf.std:AR_MODEL_ADD_LAGS_START '_Ozone_LinearTrend_residue_bestCycle_byL2_residue' 10200 6
INFO:pyaf.std:AR_MODEL_TRAINING_TIME_IN_SECONDS 'Diff_Ozone_LinearTrend_residue_zeroCycle_residue_AR(1000)' 10200 1000 17.62
INFO:pyaf.std:AR_MODEL_ADD_LAGS_START 'Diff_Ozone_LinearTrend_residue_bestCycle_byL2_residue' 10200 6
INFO:pyaf.std:LAG_TIME_IN_SECONDS _Ozone 1006 2.898287534713745
INFO:pyaf.std:AR_MODEL_ADD_LAGS_END '_Ozone_LinearTrend_residue_bestCycle_byL2_residue' 10200 1006
INFO:pyaf.std:AR_MODEL_START_TRAINING_TIME '_Ozone_LinearTrend_residue_bestCycle_byL2_residue' 10200 0 1515887165.4437218
INFO:pyaf.std:AR_MODEL_TRAINING_TIME_IN_SECONDS '_Ozone_LinearTrend_residue_bestCycle_byL2_residue_NoAR' 10200 0 0.0
INFO:pyaf.std:AR_MODEL_START_TRAINING_TIME '_Ozone_LinearTrend_residue_bestCycle_byL2_residue' 10200 1000 1515887165.447147
INFO:pyaf.std:LAG_TIME_IN_SECONDS Diff_Ozone 1006 2.2036843299865723
INFO:pyaf.std:AR_MODEL_ADD_LAGS_END 'Diff_Ozone_LinearTrend_residue_bestCycle_byL2_residue' 10200 1006
INFO:pyaf.std:AR_MODEL_START_TRAINING_TIME 'Diff_Ozone_LinearTrend_residue_bestCycle_byL2_residue' 10200 0 1515887167.176468
INFO:pyaf.std:AR_MODEL_TRAINING_TIME_IN_SECONDS 'Diff_Ozone_LinearTrend_residue_bestCycle_byL2_residue_NoAR' 10200 0 0.0
INFO:pyaf.std:AR_MODEL_START_TRAINING_TIME 'Diff_Ozone_LinearTrend_residue_bestCycle_byL2_residue' 10200 1000 1515887167.1789198
INFO:pyaf.std:AR_MODEL_TRAINING_TIME_IN_SECONDS 'RelDiff_Ozone_LinearTrend_residue_zeroCycle_residue_AR(1000)' 10200 1000 19.53
INFO:pyaf.std:AR_MODEL_ADD_LAGS_START 'RelDiff_Ozone_LinearTrend_residue_bestCycle_byL2_residue' 10200 6
INFO:pyaf.std:AR_MODEL_TRAINING_TIME_IN_SECONDS 'CumSum_Ozone_LinearTrend_residue_zeroCycle_residue_AR(1000)' 10200 1000 20.0
INFO:pyaf.std:AR_MODEL_ADD_LAGS_START 'CumSum_Ozone_LinearTrend_residue_bestCycle_byL2_residue' 10200 6
INFO:pyaf.std:LAG_TIME_IN_SECONDS RelDiff_Ozone 1006 2.476206064224243
INFO:pyaf.std:AR_MODEL_ADD_LAGS_END 'RelDiff_Ozone_LinearTrend_residue_bestCycle_byL2_residue' 10200 1006
INFO:pyaf.std:AR_MODEL_START_TRAINING_TIME 'RelDiff_Ozone_LinearTrend_residue_bestCycle_byL2_residue' 10200 0 1515887169.8309484
INFO:pyaf.std:AR_MODEL_TRAINING_TIME_IN_SECONDS 'RelDiff_Ozone_LinearTrend_residue_bestCycle_byL2_residue_NoAR' 10200 0 0.0
INFO:pyaf.std:AR_MODEL_START_TRAINING_TIME 'RelDiff_Ozone_LinearTrend_residue_bestCycle_byL2_residue' 10200 1000 1515887169.8354375
INFO:pyaf.std:LAG_TIME_IN_SECONDS CumSum_Ozone 1006 2.569024085998535
INFO:pyaf.std:AR_MODEL_ADD_LAGS_END 'CumSum_Ozone_LinearTrend_residue_bestCycle_byL2_residue' 10200 1006
INFO:pyaf.std:AR_MODEL_START_TRAINING_TIME 'CumSum_Ozone_LinearTrend_residue_bestCycle_byL2_residue' 10200 0 1515887170.250681
INFO:pyaf.std:AR_MODEL_TRAINING_TIME_IN_SECONDS 'CumSum_Ozone_LinearTrend_residue_bestCycle_byL2_residue_NoAR' 10200 0 0.0
INFO:pyaf.std:AR_MODEL_START_TRAINING_TIME 'CumSum_Ozone_LinearTrend_residue_bestCycle_byL2_residue' 10200 1000 1515887170.2555609
INFO:pyaf.std:AR_MODEL_TRAINING_TIME_IN_SECONDS '_Ozone_LinearTrend_residue_bestCycle_byL2_residue_AR(1000)' 10200 1000 14.08
INFO:pyaf.std:AR_MODEL_ADD_LAGS_START '_Ozone_LinearTrend_residue_Seasonal_DayOfWeek_residue' 10200 6
INFO:pyaf.std:LAG_TIME_IN_SECONDS _Ozone 1006 1.7779452800750732
INFO:pyaf.std:AR_MODEL_ADD_LAGS_END '_Ozone_LinearTrend_residue_Seasonal_DayOfWeek_residue' 10200 1006
INFO:pyaf.std:AR_MODEL_START_TRAINING_TIME '_Ozone_LinearTrend_residue_Seasonal_DayOfWeek_residue' 10200 0 1515887181.3168511
INFO:pyaf.std:AR_MODEL_TRAINING_TIME_IN_SECONDS '_Ozone_LinearTrend_residue_Seasonal_DayOfWeek_residue_NoAR' 10200 0 0.0
INFO:pyaf.std:AR_MODEL_START_TRAINING_TIME '_Ozone_LinearTrend_residue_Seasonal_DayOfWeek_residue' 10200 1000 1515887181.3192842
INFO:pyaf.std:AR_MODEL_TRAINING_TIME_IN_SECONDS 'Diff_Ozone_LinearTrend_residue_bestCycle_byL2_residue_AR(1000)' 10200 1000 14.95
INFO:pyaf.std:AR_MODEL_ADD_LAGS_START 'Diff_Ozone_LinearTrend_residue_Seasonal_DayOfWeek_residue' 10200 6
INFO:pyaf.std:AR_MODEL_TRAINING_TIME_IN_SECONDS 'RelDiff_Ozone_LinearTrend_residue_bestCycle_byL2_residue_AR(1000)' 10200 1000 13.58
INFO:pyaf.std:AR_MODEL_ADD_LAGS_START 'RelDiff_Ozone_LinearTrend_residue_Seasonal_DayOfWeek_residue' 10200 6
INFO:pyaf.std:LAG_TIME_IN_SECONDS Diff_Ozone 1006 1.7347595691680908
INFO:pyaf.std:AR_MODEL_ADD_LAGS_END 'Diff_Ozone_LinearTrend_residue_Seasonal_DayOfWeek_residue' 10200 1006
INFO:pyaf.std:AR_MODEL_START_TRAINING_TIME 'Diff_Ozone_LinearTrend_residue_Seasonal_DayOfWeek_residue' 10200 0 1515887183.8771093
INFO:pyaf.std:AR_MODEL_TRAINING_TIME_IN_SECONDS 'Diff_Ozone_LinearTrend_residue_Seasonal_DayOfWeek_residue_NoAR' 10200 0 0.0
INFO:pyaf.std:AR_MODEL_START_TRAINING_TIME 'Diff_Ozone_LinearTrend_residue_Seasonal_DayOfWeek_residue' 10200 1000 1515887183.8796513
INFO:pyaf.std:AR_MODEL_TRAINING_TIME_IN_SECONDS 'CumSum_Ozone_LinearTrend_residue_bestCycle_byL2_residue_AR(1000)' 10200 1000 14.48
INFO:pyaf.std:AR_MODEL_ADD_LAGS_START 'CumSum_Ozone_LinearTrend_residue_Seasonal_DayOfWeek_residue' 10200 6
INFO:pyaf.std:LAG_TIME_IN_SECONDS RelDiff_Ozone 1006 1.6547095775604248
INFO:pyaf.std:AR_MODEL_ADD_LAGS_END 'RelDiff_Ozone_LinearTrend_residue_Seasonal_DayOfWeek_residue' 10200 1006
INFO:pyaf.std:AR_MODEL_START_TRAINING_TIME 'RelDiff_Ozone_LinearTrend_residue_Seasonal_DayOfWeek_residue' 10200 0 1515887185.0777051
INFO:pyaf.std:AR_MODEL_TRAINING_TIME_IN_SECONDS 'RelDiff_Ozone_LinearTrend_residue_Seasonal_DayOfWeek_residue_NoAR' 10200 0 0.0
INFO:pyaf.std:AR_MODEL_START_TRAINING_TIME 'RelDiff_Ozone_LinearTrend_residue_Seasonal_DayOfWeek_residue' 10200 1000 1515887185.0801597
INFO:pyaf.std:LAG_TIME_IN_SECONDS CumSum_Ozone 1006 1.9706943035125732
INFO:pyaf.std:AR_MODEL_ADD_LAGS_END 'CumSum_Ozone_LinearTrend_residue_Seasonal_DayOfWeek_residue' 10200 1006
INFO:pyaf.std:AR_MODEL_START_TRAINING_TIME 'CumSum_Ozone_LinearTrend_residue_Seasonal_DayOfWeek_residue' 10200 0 1515887186.7183545
INFO:pyaf.std:AR_MODEL_TRAINING_TIME_IN_SECONDS 'CumSum_Ozone_LinearTrend_residue_Seasonal_DayOfWeek_residue_NoAR' 10200 0 0.0
INFO:pyaf.std:AR_MODEL_START_TRAINING_TIME 'CumSum_Ozone_LinearTrend_residue_Seasonal_DayOfWeek_residue' 10200 1000 1515887186.723239
INFO:pyaf.std:AR_MODEL_TRAINING_TIME_IN_SECONDS '_Ozone_LinearTrend_residue_Seasonal_DayOfWeek_residue_AR(1000)' 10200 1000 16.97
INFO:pyaf.std:AR_MODEL_ADD_LAGS_START '_Ozone_PolyTrend_residue_zeroCycle_residue' 10200 6
INFO:pyaf.std:LAG_TIME_IN_SECONDS _Ozone 1006 1.3049869537353516
INFO:pyaf.std:AR_MODEL_TRAINING_TIME_IN_SECONDS 'Diff_Ozone_LinearTrend_residue_Seasonal_DayOfWeek_residue_AR(1000)' 10200 1000 16.21
INFO:pyaf.std:AR_MODEL_ADD_LAGS_END '_Ozone_PolyTrend_residue_zeroCycle_residue' 10200 1006
INFO:pyaf.std:AR_MODEL_START_TRAINING_TIME '_Ozone_PolyTrend_residue_zeroCycle_residue' 10200 0 1515887200.2403395
INFO:pyaf.std:AR_MODEL_TRAINING_TIME_IN_SECONDS '_Ozone_PolyTrend_residue_zeroCycle_residue_NoAR' 10200 0 0.0
INFO:pyaf.std:AR_MODEL_START_TRAINING_TIME '_Ozone_PolyTrend_residue_zeroCycle_residue' 10200 1000 1515887200.2451124
INFO:pyaf.std:AR_MODEL_ADD_LAGS_START 'Diff_Ozone_PolyTrend_residue_zeroCycle_residue' 10200 6
INFO:pyaf.std:AR_MODEL_TRAINING_TIME_IN_SECONDS 'RelDiff_Ozone_LinearTrend_residue_Seasonal_DayOfWeek_residue_AR(1000)' 10200 1000 15.54
INFO:pyaf.std:AR_MODEL_ADD_LAGS_START 'RelDiff_Ozone_PolyTrend_residue_zeroCycle_residue' 10200 6
INFO:pyaf.std:LAG_TIME_IN_SECONDS Diff_Ozone 1006 2.232278347015381
INFO:pyaf.std:AR_MODEL_ADD_LAGS_END 'Diff_Ozone_PolyTrend_residue_zeroCycle_residue' 10200 1006
INFO:pyaf.std:AR_MODEL_START_TRAINING_TIME 'Diff_Ozone_PolyTrend_residue_zeroCycle_residue' 10200 0 1515887202.485095
INFO:pyaf.std:AR_MODEL_TRAINING_TIME_IN_SECONDS 'Diff_Ozone_PolyTrend_residue_zeroCycle_residue_NoAR' 10200 0 0.0
INFO:pyaf.std:AR_MODEL_START_TRAINING_TIME 'Diff_Ozone_PolyTrend_residue_zeroCycle_residue' 10200 1000 1515887202.4885485
INFO:pyaf.std:AR_MODEL_TRAINING_TIME_IN_SECONDS 'CumSum_Ozone_LinearTrend_residue_Seasonal_DayOfWeek_residue_AR(1000)' 10200 1000 15.92
INFO:pyaf.std:AR_MODEL_ADD_LAGS_START 'CumSum_Ozone_PolyTrend_residue_zeroCycle_residue' 10200 6
INFO:pyaf.std:LAG_TIME_IN_SECONDS RelDiff_Ozone 1006 2.3004040718078613
INFO:pyaf.std:AR_MODEL_ADD_LAGS_END 'RelDiff_Ozone_PolyTrend_residue_zeroCycle_residue' 10200 1006
INFO:pyaf.std:AR_MODEL_START_TRAINING_TIME 'RelDiff_Ozone_PolyTrend_residue_zeroCycle_residue' 10200 0 1515887202.9367466
INFO:pyaf.std:AR_MODEL_TRAINING_TIME_IN_SECONDS 'RelDiff_Ozone_PolyTrend_residue_zeroCycle_residue_NoAR' 10200 0 0.0
INFO:pyaf.std:AR_MODEL_START_TRAINING_TIME 'RelDiff_Ozone_PolyTrend_residue_zeroCycle_residue' 10200 1000 1515887202.9412527
INFO:pyaf.std:LAG_TIME_IN_SECONDS CumSum_Ozone 1006 2.75911021232605
INFO:pyaf.std:AR_MODEL_ADD_LAGS_END 'CumSum_Ozone_PolyTrend_residue_zeroCycle_residue' 10200 1006
INFO:pyaf.std:AR_MODEL_START_TRAINING_TIME 'CumSum_Ozone_PolyTrend_residue_zeroCycle_residue' 10200 0 1515887205.4124494
INFO:pyaf.std:AR_MODEL_TRAINING_TIME_IN_SECONDS 'CumSum_Ozone_PolyTrend_residue_zeroCycle_residue_NoAR' 10200 0 0.0
INFO:pyaf.std:AR_MODEL_START_TRAINING_TIME 'CumSum_Ozone_PolyTrend_residue_zeroCycle_residue' 10200 1000 1515887205.4169219
INFO:pyaf.std:AR_MODEL_TRAINING_TIME_IN_SECONDS '_Ozone_PolyTrend_residue_zeroCycle_residue_AR(1000)' 10200 1000 15.15
INFO:pyaf.std:AR_MODEL_ADD_LAGS_START '_Ozone_PolyTrend_residue_bestCycle_byL2_residue' 10200 6
INFO:pyaf.std:AR_MODEL_TRAINING_TIME_IN_SECONDS 'Diff_Ozone_PolyTrend_residue_zeroCycle_residue_AR(1000)' 10200 1000 13.42
INFO:pyaf.std:AR_MODEL_ADD_LAGS_START 'Diff_Ozone_PolyTrend_residue_bestCycle_byL2_residue' 10200 6
INFO:pyaf.std:LAG_TIME_IN_SECONDS _Ozone 1006 1.212906837463379
INFO:pyaf.std:AR_MODEL_ADD_LAGS_END '_Ozone_PolyTrend_residue_bestCycle_byL2_residue' 10200 1006
INFO:pyaf.std:AR_MODEL_START_TRAINING_TIME '_Ozone_PolyTrend_residue_bestCycle_byL2_residue' 10200 0 1515887216.619104
INFO:pyaf.std:AR_MODEL_TRAINING_TIME_IN_SECONDS '_Ozone_PolyTrend_residue_bestCycle_byL2_residue_NoAR' 10200 0 0.0
INFO:pyaf.std:AR_MODEL_START_TRAINING_TIME '_Ozone_PolyTrend_residue_bestCycle_byL2_residue' 10200 1000 1515887216.6209276
INFO:pyaf.std:LAG_TIME_IN_SECONDS Diff_Ozone 1006 1.4332242012023926
INFO:pyaf.std:AR_MODEL_ADD_LAGS_END 'Diff_Ozone_PolyTrend_residue_bestCycle_byL2_residue' 10200 1006
INFO:pyaf.std:AR_MODEL_START_TRAINING_TIME 'Diff_Ozone_PolyTrend_residue_bestCycle_byL2_residue' 10200 0 1515887217.9744875
INFO:pyaf.std:AR_MODEL_TRAINING_TIME_IN_SECONDS 'Diff_Ozone_PolyTrend_residue_bestCycle_byL2_residue_NoAR' 10200 0 0.0
INFO:pyaf.std:AR_MODEL_START_TRAINING_TIME 'Diff_Ozone_PolyTrend_residue_bestCycle_byL2_residue' 10200 1000 1515887217.9778564
INFO:pyaf.std:AR_MODEL_TRAINING_TIME_IN_SECONDS 'RelDiff_Ozone_PolyTrend_residue_zeroCycle_residue_AR(1000)' 10200 1000 15.75
INFO:pyaf.std:AR_MODEL_ADD_LAGS_START 'RelDiff_Ozone_PolyTrend_residue_bestCycle_byL2_residue' 10200 6
INFO:pyaf.std:AR_MODEL_TRAINING_TIME_IN_SECONDS 'CumSum_Ozone_PolyTrend_residue_zeroCycle_residue_AR(1000)' 10200 1000 14.12
INFO:pyaf.std:AR_MODEL_ADD_LAGS_START 'CumSum_Ozone_PolyTrend_residue_bestCycle_byL2_residue' 10200 6
INFO:pyaf.std:LAG_TIME_IN_SECONDS RelDiff_Ozone 1006 1.7211875915527344
INFO:pyaf.std:AR_MODEL_ADD_LAGS_END 'RelDiff_Ozone_PolyTrend_residue_bestCycle_byL2_residue' 10200 1006
INFO:pyaf.std:AR_MODEL_START_TRAINING_TIME 'RelDiff_Ozone_PolyTrend_residue_bestCycle_byL2_residue' 10200 0 1515887220.4286988
INFO:pyaf.std:AR_MODEL_TRAINING_TIME_IN_SECONDS 'RelDiff_Ozone_PolyTrend_residue_bestCycle_byL2_residue_NoAR' 10200 0 0.0
INFO:pyaf.std:AR_MODEL_START_TRAINING_TIME 'RelDiff_Ozone_PolyTrend_residue_bestCycle_byL2_residue' 10200 1000 1515887220.4318614
INFO:pyaf.std:LAG_TIME_IN_SECONDS CumSum_Ozone 1006 2.0235517024993896
INFO:pyaf.std:AR_MODEL_ADD_LAGS_END 'CumSum_Ozone_PolyTrend_residue_bestCycle_byL2_residue' 10200 1006
INFO:pyaf.std:AR_MODEL_START_TRAINING_TIME 'CumSum_Ozone_PolyTrend_residue_bestCycle_byL2_residue' 10200 0 1515887221.5634942
INFO:pyaf.std:AR_MODEL_TRAINING_TIME_IN_SECONDS 'CumSum_Ozone_PolyTrend_residue_bestCycle_byL2_residue_NoAR' 10200 0 0.0
INFO:pyaf.std:AR_MODEL_START_TRAINING_TIME 'CumSum_Ozone_PolyTrend_residue_bestCycle_byL2_residue' 10200 1000 1515887221.5665686
INFO:pyaf.std:AR_MODEL_TRAINING_TIME_IN_SECONDS '_Ozone_PolyTrend_residue_bestCycle_byL2_residue_AR(1000)' 10200 1000 13.7
INFO:pyaf.std:AR_MODEL_ADD_LAGS_START '_Ozone_PolyTrend_residue_Seasonal_DayOfWeek_residue' 10200 6
INFO:pyaf.std:LAG_TIME_IN_SECONDS _Ozone 1006 1.4250423908233643
INFO:pyaf.std:AR_MODEL_ADD_LAGS_END '_Ozone_PolyTrend_residue_Seasonal_DayOfWeek_residue' 10200 1006
INFO:pyaf.std:AR_MODEL_START_TRAINING_TIME '_Ozone_PolyTrend_residue_Seasonal_DayOfWeek_residue' 10200 0 1515887231.751219
INFO:pyaf.std:AR_MODEL_TRAINING_TIME_IN_SECONDS '_Ozone_PolyTrend_residue_Seasonal_DayOfWeek_residue_NoAR' 10200 0 0.0
INFO:pyaf.std:AR_MODEL_START_TRAINING_TIME '_Ozone_PolyTrend_residue_Seasonal_DayOfWeek_residue' 10200 1000 1515887231.754026
INFO:pyaf.std:AR_MODEL_TRAINING_TIME_IN_SECONDS 'Diff_Ozone_PolyTrend_residue_bestCycle_byL2_residue_AR(1000)' 10200 1000 15.0
INFO:pyaf.std:AR_MODEL_ADD_LAGS_START 'Diff_Ozone_PolyTrend_residue_Seasonal_DayOfWeek_residue' 10200 6
INFO:pyaf.std:LAG_TIME_IN_SECONDS Diff_Ozone 1006 1.671462059020996
INFO:pyaf.std:AR_MODEL_ADD_LAGS_END 'Diff_Ozone_PolyTrend_residue_Seasonal_DayOfWeek_residue' 10200 1006
INFO:pyaf.std:AR_MODEL_START_TRAINING_TIME 'Diff_Ozone_PolyTrend_residue_Seasonal_DayOfWeek_residue' 10200 0 1515887234.65466
INFO:pyaf.std:AR_MODEL_TRAINING_TIME_IN_SECONDS 'Diff_Ozone_PolyTrend_residue_Seasonal_DayOfWeek_residue_NoAR' 10200 0 0.0
INFO:pyaf.std:AR_MODEL_START_TRAINING_TIME 'Diff_Ozone_PolyTrend_residue_Seasonal_DayOfWeek_residue' 10200 1000 1515887234.6574795
INFO:pyaf.std:AR_MODEL_TRAINING_TIME_IN_SECONDS 'RelDiff_Ozone_PolyTrend_residue_bestCycle_byL2_residue_AR(1000)' 10200 1000 15.15
INFO:pyaf.std:AR_MODEL_ADD_LAGS_START 'RelDiff_Ozone_PolyTrend_residue_Seasonal_DayOfWeek_residue' 10200 6
INFO:pyaf.std:AR_MODEL_TRAINING_TIME_IN_SECONDS 'CumSum_Ozone_PolyTrend_residue_bestCycle_byL2_residue_AR(1000)' 10200 1000 15.55
INFO:pyaf.std:AR_MODEL_ADD_LAGS_START 'CumSum_Ozone_PolyTrend_residue_Seasonal_DayOfWeek_residue' 10200 6
INFO:pyaf.std:LAG_TIME_IN_SECONDS RelDiff_Ozone 1006 1.9951403141021729
INFO:pyaf.std:AR_MODEL_ADD_LAGS_END 'RelDiff_Ozone_PolyTrend_residue_Seasonal_DayOfWeek_residue' 10200 1006
INFO:pyaf.std:AR_MODEL_START_TRAINING_TIME 'RelDiff_Ozone_PolyTrend_residue_Seasonal_DayOfWeek_residue' 10200 0 1515887237.5951061
INFO:pyaf.std:AR_MODEL_TRAINING_TIME_IN_SECONDS 'RelDiff_Ozone_PolyTrend_residue_Seasonal_DayOfWeek_residue_NoAR' 10200 0 0.0
INFO:pyaf.std:AR_MODEL_START_TRAINING_TIME 'RelDiff_Ozone_PolyTrend_residue_Seasonal_DayOfWeek_residue' 10200 1000 1515887237.5977983
INFO:pyaf.std:LAG_TIME_IN_SECONDS CumSum_Ozone 1006 2.3956117630004883
INFO:pyaf.std:AR_MODEL_ADD_LAGS_END 'CumSum_Ozone_PolyTrend_residue_Seasonal_DayOfWeek_residue' 10200 1006
INFO:pyaf.std:AR_MODEL_START_TRAINING_TIME 'CumSum_Ozone_PolyTrend_residue_Seasonal_DayOfWeek_residue' 10200 0 1515887239.5226057
INFO:pyaf.std:AR_MODEL_TRAINING_TIME_IN_SECONDS 'CumSum_Ozone_PolyTrend_residue_Seasonal_DayOfWeek_residue_NoAR' 10200 0 0.0
INFO:pyaf.std:AR_MODEL_START_TRAINING_TIME 'CumSum_Ozone_PolyTrend_residue_Seasonal_DayOfWeek_residue' 10200 1000 1515887239.5253406
INFO:pyaf.std:AR_MODEL_TRAINING_TIME_IN_SECONDS '_Ozone_PolyTrend_residue_Seasonal_DayOfWeek_residue_AR(1000)' 10200 1000 14.77
INFO:pyaf.std:AUTOREG_TIME_IN_SECONDS _Ozone 214.79272508621216
INFO:pyaf.std:AR_MODEL_TRAINING_TIME_IN_SECONDS 'Diff_Ozone_PolyTrend_residue_Seasonal_DayOfWeek_residue_AR(1000)' 10200 1000 14.7
INFO:pyaf.std:AUTOREG_TIME_IN_SECONDS Diff_Ozone 216.81990313529968
INFO:pyaf.std:AR_MODEL_TRAINING_TIME_IN_SECONDS 'RelDiff_Ozone_PolyTrend_residue_Seasonal_DayOfWeek_residue_AR(1000)' 10200 1000 14.22
INFO:pyaf.std:AUTOREG_TIME_IN_SECONDS RelDiff_Ozone 223.55712175369263
INFO:pyaf.std:AR_MODEL_TRAINING_TIME_IN_SECONDS 'CumSum_Ozone_PolyTrend_residue_Seasonal_DayOfWeek_residue_AR(1000)' 10200 1000 17.14
INFO:pyaf.std:AUTOREG_TIME_IN_SECONDS CumSum_Ozone 226.89658737182617
multiprocess.pool.RemoteTraceback: 
"""
Traceback (most recent call last):
  File "/home/antoine/.local/lib/python3.6/site-packages/pandas/core/indexes/base.py", line 2525, in get_loc
    return self._engine.get_loc(key)
  File "pandas/_libs/index.pyx", line 117, in pandas._libs.index.IndexEngine.get_loc
  File "pandas/_libs/index.pyx", line 139, in pandas._libs.index.IndexEngine.get_loc
  File "pandas/_libs/hashtable_class_helper.pxi", line 1265, in pandas._libs.hashtable.PyObjectHashTable.get_item
  File "pandas/_libs/hashtable_class_helper.pxi", line 1273, in pandas._libs.hashtable.PyObjectHashTable.get_item
KeyError: '_Ozone_ConstantTrend_residue_zeroCycle_residue_Lag800'

During handling of the above exception, another exception occurred:

Traceback (most recent call last):
  File "/home/antoine/.local/lib/python3.6/site-packages/pandas/core/internals.py", line 3968, in set
    loc = self.items.get_loc(item)
  File "/home/antoine/.local/lib/python3.6/site-packages/pandas/core/indexes/base.py", line 2527, in get_loc
    return self._engine.get_loc(self._maybe_cast_indexer(key))
  File "pandas/_libs/index.pyx", line 117, in pandas._libs.index.IndexEngine.get_loc
  File "pandas/_libs/index.pyx", line 139, in pandas._libs.index.IndexEngine.get_loc
  File "pandas/_libs/hashtable_class_helper.pxi", line 1265, in pandas._libs.hashtable.PyObjectHashTable.get_item
  File "pandas/_libs/hashtable_class_helper.pxi", line 1273, in pandas._libs.hashtable.PyObjectHashTable.get_item
KeyError: '_Ozone_ConstantTrend_residue_zeroCycle_residue_Lag800'

During handling of the above exception, another exception occurred:

Traceback (most recent call last):
  File "/home/antoine/.local/lib/python3.6/site-packages/multiprocess/pool.py", line 119, in worker
    result = (True, func(*args, **kwds))
  File "/home/antoine/.local/lib/python3.6/site-packages/pathos/helpers/mp_helper.py", line 15, in <lambda>
    func = lambda args: f(*args)
  File "/home/antoine/dev/python/packages/pyaf/TS/SignalDecomposition.py", line 307, in run_transform_thread
    arg.mSigDec.train(arg.mInputDS, arg.mTime, arg.mSignal, arg.mHorizon, arg.mTransformation);
  File "/home/antoine/dev/python/packages/pyaf/TS/SignalDecomposition.py", line 282, in train
    self.updatePerfsForAllModels(lModels);
  File "/home/antoine/dev/python/packages/pyaf/TS/SignalDecomposition.py", line 145, in updatePerfsForAllModels
    iModels[model].updatePerfs();
  File "/home/antoine/dev/python/packages/pyaf/TS/TimeSeriesModel.py", line 54, in updatePerfs
    df = self.forecastOneStepAhead(self.mModelFrame , perf_mode = True);
  File "/home/antoine/dev/python/packages/pyaf/TS/TimeSeriesModel.py", line 152, in forecastOneStepAhead
    df1 = self.mAR.transformDataset(df1);
  File "/home/antoine/dev/python/packages/pyaf/TS/Scikit_Models.py", line 115, in transformDataset
    lag_df = self.generateLagsForForecast(df);
  File "/home/antoine/dev/python/packages/pyaf/TS/SignalDecomposition_AR.py", line 72, in generateLagsForForecast
    self.addLagForForecast(df, lag_df, self.mCycleResidueName, p);
  File "/home/antoine/dev/python/packages/pyaf/TS/SignalDecomposition_AR.py", line 65, in addLagForForecast
    lag_df[name] = lShiftedSeries;
  File "/home/antoine/.local/lib/python3.6/site-packages/pandas/core/frame.py", line 2519, in __setitem__
    self._set_item(key, value)
  File "/home/antoine/.local/lib/python3.6/site-packages/pandas/core/frame.py", line 2586, in _set_item
    NDFrame._set_item(self, key, value)
  File "/home/antoine/.local/lib/python3.6/site-packages/pandas/core/generic.py", line 1954, in _set_item
    self._data.set(key, value)
  File "/home/antoine/.local/lib/python3.6/site-packages/pandas/core/internals.py", line 3971, in set
    self.insert(len(self.items), item, value)
  File "/home/antoine/.local/lib/python3.6/site-packages/pandas/core/internals.py", line 4099, in insert
    self._consolidate_inplace()
  File "/home/antoine/.local/lib/python3.6/site-packages/pandas/core/internals.py", line 3831, in _consolidate_inplace
    self.blocks = tuple(_consolidate(self.blocks))
  File "/home/antoine/.local/lib/python3.6/site-packages/pandas/core/internals.py", line 4853, in _consolidate
    _can_consolidate=_can_consolidate)
  File "/home/antoine/.local/lib/python3.6/site-packages/pandas/core/internals.py", line 4876, in _merge_blocks
    new_values = new_values[argsort]
MemoryError
"""

The above exception was the direct cause of the following exception:

Traceback (most recent call last):
  File "/home/antoine/dev/python/packages/pyaf/ForecastEngine.py", line 25, in train
    self.mSignalDecomposition.train(iInputDS, iTime, iSignal, iHorizon, iExogenousData);
  File "/home/antoine/dev/python/packages/pyaf/TS/SignalDecomposition.py", line 577, in train
    self.train_multiprocessed(iInputDS, iTime, iSignal, iHorizon);
  File "/home/antoine/dev/python/packages/pyaf/TS/SignalDecomposition.py", line 397, in train_multiprocessed
    for res in pool.imap(run_transform_thread, args):
  File "/home/antoine/.local/lib/python3.6/site-packages/multiprocess/pool.py", line 695, in next
    raise value
MemoryError

During handling of the above exception, another exception occurred:

Traceback (most recent call last):
  File "tests/perf/test_ozone_ar_speed.py", line 52, in <module>
    run_test()
  File "tests/perf/test_ozone_ar_speed.py", line 49, in run_test
    buildModel(df1 , 1000 , H)
  File "tests/perf/test_ozone_ar_speed.py", line 40, in buildModel
    lEngine.train(df , b1.mTimeVar , b1.mSignalVar, H);
  File "/home/antoine/dev/python/packages/pyaf/ForecastEngine.py", line 30, in train
    raise tsutil.PyAF_Error("TRAIN_FAILED");
pyaf.TS.Utils.PyAF_Error: TRAIN_FAILED
